// Jest Snapshot v1, https://goo.gl/fbAQLP

exports[`ItalianTags renders correctly 1`] = `
<div
  style={
    Object {
      "marginLeft": "auto",
      "marginRight": "auto",
      "maxWidth": "42rem",
      "padding": "2.625rem 1.3125rem",
    }
  }
>
  <header
    style={
      Object {
        "color": "white",
      }
    }
  >
    <div
      className="background-sky hero"
    />
    <div
      className="flag-select"
      style={
        Object {
          "position": "fixed",
          "right": "10px",
        }
      }
    >
      <div
        className="flag-select "
      >
        <div
          className="selected--flag--option "
          onClick={[Function]}
          onKeyUp={[Function]}
          style={
            Object {
              "fontSize": "16px",
            }
          }
          tabIndex="0"
        >
          <span
            className="country-flag"
            style={
              Object {
                "height": "16px",
                "width": "16px",
              }
            }
          >
            <img
              alt="IT"
              src="test-file-stub"
            />
          </span>
          <span
            className="arrow-down "
          >
            ▾
          </span>
        </div>
      </div>
    </div>
    <h1
      className="header-title"
      style={
        Object {
          "fontSize": "3.95285rem",
          "lineHeight": "4.375rem",
          "marginBottom": "2.625rem",
          "marginTop": 0,
        }
      }
    >
      <a
        href="/it"
        style={
          Object {
            "boxShadow": "none",
            "color": "inherit",
            "textDecoration": "none",
          }
        }
      >
        Dauðr Blog Test
      </a>
    </h1>
  </header>
  <main>
    <h2
      style={
        Object {
          "color": "#ffffff",
          "fontFamily": "'Anton', sans-serif",
          "fontWeight": "bold",
          "letterSpacing": "3px",
          "textTransform": "uppercase",
        }
      }
    >
      Artiicoli su #angular
    </h2>
    <a
      href="/ngfor-done-right/"
      style={
        Object {
          "boxShadow": "none",
        }
      }
    >
      <div
        className="MuiPaper-root MuiPaper-elevation1 MuiCard-root makeStyles-card-1 MuiPaper-rounded"
      >
        <div
          className="MuiCardMedia-root makeStyles-media-5"
          title="ngFor Done Right"
        />
        <div
          className="MuiCardContent-root"
        >
          <p
            className="MuiTypography-root makeStyles-title-2 MuiTypography-body1 MuiTypography-colorTextSecondary MuiTypography-gutterBottom"
          />
          <h2
            className="MuiTypography-root MuiTypography-h5"
            data-cy="post-title"
          >
            ngFor Done Right
          </h2>
          <p
            className="MuiTypography-root makeStyles-pos-3 MuiTypography-subtitle2 MuiTypography-colorTextSecondary"
          >
            July 04, 2019
          </p>
          <p
            className="MuiTypography-root MuiTypography-body2"
          >
            When dealing with lists in templates, ngFor saves us a lot of time, but it could be a real pain if used wrong, read this article to know hot use it right
          </p>
        </div>
      </div>
    </a>
    <a
      href="/conditional-polyfills/"
      style={
        Object {
          "boxShadow": "none",
        }
      }
    >
      <div
        className="MuiPaper-root MuiPaper-elevation1 MuiCard-root makeStyles-card-1 MuiPaper-rounded"
      >
        <div
          className="MuiCardMedia-root makeStyles-media-5"
          title="Conditional Polyfill in Angular v7"
        />
        <div
          className="MuiCardContent-root"
        >
          <p
            className="MuiTypography-root makeStyles-title-2 MuiTypography-body1 MuiTypography-colorTextSecondary MuiTypography-gutterBottom"
          />
          <h2
            className="MuiTypography-root MuiTypography-h5"
            data-cy="post-title"
          >
            Conditional Polyfill in Angular v7
          </h2>
          <p
            className="MuiTypography-root makeStyles-pos-3 MuiTypography-subtitle2 MuiTypography-colorTextSecondary"
          >
            May 18, 2019
          </p>
          <p
            className="MuiTypography-root MuiTypography-body2"
          >
            How to enable conditional polyfills loading in an Angular v7 project
          </p>
        </div>
      </div>
    </a>
    <div
      style={
        Object {
          "marginBottom": "4.375rem",
        }
      }
    >
      <a
        href="/it/tags"
      >
        Tutti i Tag
      </a>
    </div>
    <div
      className="MuiPaper-root MuiPaper-elevation1 MuiPaper-rounded"
      style={
        Object {
          "display": "flex",
          "marginBottom": "0.875rem",
          "marginTop": "2.1875rem",
          "padding": "0.875rem",
        }
      }
    >
      <div
        className=" gatsby-image-wrapper"
        style={
          Object {
            "borderRadius": "100%",
            "display": "inline-block",
            "height": undefined,
            "marginBottom": 0,
            "marginRight": "0.875rem",
            "minWidth": 50,
            "overflow": "hidden",
            "position": "relative",
            "width": undefined,
          }
        }
      >
        <img
          alt=""
          src="data:image/jpeg;base64,/9j/2wBDABALDA4MChAODQ4SERATGCgaGBYWGDEjJR0oOjM9PDkzODdASFxOQERXRTc4UG1RV19iZ2hnPk1xeXBkeFxlZ2P/2wBDARESEhgVGC8aGi9jQjhCY2NjY2NjY2NjY2NjY2NjY2NjY2NjY2NjY2NjY2NjY2NjY2NjY2NjY2NjY2NjY2NjY2P/wgARCAAbABQDASIAAhEBAxEB/8QAGAAAAwEBAAAAAAAAAAAAAAAAAAIEAwH/xAAWAQEBAQAAAAAAAAAAAAAAAAACAAH/2gAMAwEAAhADEAAAAZ07oGpiITPO9qCln//EABwQAAICAgMAAAAAAAAAAAAAAAECAAMQESIjQf/aAAgBAQABBQLmAUC0x7draekWLpYWLLPcf//EABQRAQAAAAAAAAAAAAAAAAAAACD/2gAIAQMBAT8BH//EABQRAQAAAAAAAAAAAAAAAAAAACD/2gAIAQIBAT8BH//EABwQAAEEAwEAAAAAAAAAAAAAAAEAEBExAiBBQv/aAAgBAQAGPwI0hl6aAgYt4PNf/8QAHBABAAICAwEAAAAAAAAAAAAAAQARITEQQVFx/9oACAEBAAE/IUebBCl1u5vPsFSLfG5rrAGUnUYQY2NZiXhPfnH/2gAMAwEAAgADAAAAELAQP//EABYRAQEBAAAAAAAAAAAAAAAAAAEQEf/aAAgBAwEBPxADGbP/xAAVEQEBAAAAAAAAAAAAAAAAAAAQEf/aAAgBAgEBPxAh/8QAHBABAQEBAAMBAQAAAAAAAAAAAREAITFBUYGx/9oACAEBAAE/EIdwonnFg8n1bfeEJ8hzwHGjB+Zbgf7Dmb0YJEzHgKXcBUxfrlpwvJq++Xf/2Q=="
          style={
            Object {
              "borderRadius": "50%",
              "height": "100%",
              "left": 0,
              "objectFit": "cover",
              "objectPosition": "center",
              "opacity": 1,
              "position": "absolute",
              "top": 0,
              "transitionDelay": "500ms",
              "width": "100%",
            }
          }
        />
        <picture>
          <source
            srcSet="/static/5462d583dcf86a5fb9e52d6362d65a32/9b664/profile-pic.jpg 1x,
/static/5462d583dcf86a5fb9e52d6362d65a32/06a10/profile-pic.jpg 1.5x,
/static/5462d583dcf86a5fb9e52d6362d65a32/f1b5a/profile-pic.jpg 2x"
          />
          <img
            alt="Michele Da Rin Fioretto"
            loading="lazy"
            onLoad={[Function]}
            src="/static/5462d583dcf86a5fb9e52d6362d65a32/9b664/profile-pic.jpg"
            srcSet="/static/5462d583dcf86a5fb9e52d6362d65a32/9b664/profile-pic.jpg 1x,
/static/5462d583dcf86a5fb9e52d6362d65a32/06a10/profile-pic.jpg 1.5x,
/static/5462d583dcf86a5fb9e52d6362d65a32/f1b5a/profile-pic.jpg 2x"
            style={
              Object {
                "borderRadius": "50%",
                "height": "100%",
                "left": 0,
                "objectFit": "cover",
                "objectPosition": "center",
                "opacity": 0,
                "position": "absolute",
                "top": 0,
                "transition": "opacity 500ms",
                "width": "100%",
              }
            }
          />
        </picture>
        <noscript
          dangerouslySetInnerHTML={
            Object {
              "__html": "<picture><source srcset=\\"/static/5462d583dcf86a5fb9e52d6362d65a32/9b664/profile-pic.jpg 1x,
/static/5462d583dcf86a5fb9e52d6362d65a32/06a10/profile-pic.jpg 1.5x,
/static/5462d583dcf86a5fb9e52d6362d65a32/f1b5a/profile-pic.jpg 2x\\" /><img loading=\\"lazy\\" srcset=\\"/static/5462d583dcf86a5fb9e52d6362d65a32/9b664/profile-pic.jpg 1x,
/static/5462d583dcf86a5fb9e52d6362d65a32/06a10/profile-pic.jpg 1.5x,
/static/5462d583dcf86a5fb9e52d6362d65a32/f1b5a/profile-pic.jpg 2x\\" src=\\"/static/5462d583dcf86a5fb9e52d6362d65a32/9b664/profile-pic.jpg\\" alt=\\"Michele Da Rin Fioretto\\" style=\\"position:absolute;top:0;left:0;opacity:1;width:100%;height:100%;object-fit:cover;object-position:center\\"/></picture>",
            }
          }
        />
      </div>
      <div>
        <div>
          Scritto da 
          <strong>
            Michele Da Rin Fioretto
          </strong>
           uno sviluppatore 
          <strong>
            Web
          </strong>
           che lavora in 
          <strong>
            Italia
          </strong>
           e nel 
          <strong>
            Mondo
          </strong>
           
          <br />
          I suoi punti di forza sono 
          <strong>
            Angular
          </strong>
          ,
           
          <strong>
            React
          </strong>
          , 
          <strong>
            Firebase
          </strong>
           &
           
          <strong>
            Serverless Architectures
          </strong>
           e non solo.
          <div
            style={
              Object {
                "marginTop": "0.875rem",
              }
            }
          />
          Puoi trovarlo anche su
        </div>
        <a
          href="https://www.facebook.com/micheleedarin"
          rel="noopener noreferrer"
          style={
            Object {
              "boxShadow": "none",
              "color": "currentColor",
            }
          }
          target="_blank"
        >
          <div
            className=" gatsby-image-wrapper"
            style={
              Object {
                "display": "inline-block",
                "height": undefined,
                "marginBottom": 0,
                "marginRight": "0.875rem",
                "maxHeigth": "50px",
                "maxWidth": "50px",
                "minWidth": 30,
                "overflow": "hidden",
                "position": "relative",
                "width": undefined,
              }
            }
          >
            <img
              alt=""
              src="data:image/png;base64,iVBORw0KGgoAAAANSUhEUgAAABQAAAAUCAYAAACNiR0NAAAACXBIWXMAAAflAAAH5QFPDbM3AAADU0lEQVQ4y3VUS08TURQe7MqdGxOX7kyMGhcotNNSRRdq8JEgMKWA3RhDjMaY+ANIXIgJUQjtnRYo4SFxKwtWxmhIDEGBGBRcuDE8U4yVFHn0Mcfz3bl3KAsnubkzd+757ved851rBJuSRnVzwsATiNg+Qz0Byz5uWqKdxwSvr5gRsclr0/zdGbCEX+8zLdvHa/rdKAMTPndOHDUjdoqD92rahijUkiazOcUjye8DFJZrA8TBUxxTq2IZTFQYHhsFxpsCfPpG+M4IMSjxe4HnYiiadPyWcKobEyV/kyjwejHUmqZQ6yADiw7EVkZ7XIZaJsAAEoz24/Q9DnLwzQDO2Zs9Tg2DXor1Oxfb+rDu6MMuxF5hf5dK0yFDywQzgPGcB5AKkqCj43O0tPaH1n/l6Mv3NQnKB2FPiQkVatqGiVXGPMnImZTJzJRUBzLP3OimxNgUlT9/d/LETInlO+rgYjDahzljWskjspoBD8iWcjCCzTadu91LM1+XJVBua5ee93+gh0/HieXjUFJ7eRZ5EOL4J6hOO6rJ7AqanZrp9PVu+qwAf65k6VTdSzpxpYsUMwUqHF0kfp8E4IS0Bi8qhlTVkKC6e0P09uMP2szteFI/zS/R+LsFCrekyO8ydFlaohSEtSyRMaRp+SMgi+BKrazvpaZHY17eisWS976+kUP+PJaSqZSexLxtoAPwwegOV8plyAFX7w7SyJtZ2vi9JYHAFOyepd5zbuMULAM0VRxyiaJMu3ZhC1jSKl5+Tl57wTJVDlezkjl7kqAC/93hKpMqLTuLHHa6RYFRha6yZACvzS2uSkD48DLbxTzATLFDDtEQEbFooNFlb0ZE0dy3jdx8viFOcwsrHiAbmpShD0q1YJthMPZuiSmUPaCso0EBOPs/wDLPcu5LSnKlvhxq3Ua32Tr8U4FKhkry8voBwHIlu+HYKFov7d1n7iw60OjoTbSTYujMfFt2tLFVDztlKnbRx4wxb1rxwwpQyPtMgXdhg+rNPDrg1v2RUuTxa6f+wai+ZUryH8sEMxfMPqbiD2nQCtxnSn6MWWbQm0hDVSOMHpfeQ55QTRTAbQaR1sz4IN/+ta1mfZ/h1kCj86ZJ9lyGxzYPXGtZBllENb0ClDHjdeMfBVM0qAoKYYQAAAAASUVORK5CYII="
              style={
                Object {
                  "height": "100%",
                  "left": 0,
                  "objectFit": "cover",
                  "objectPosition": "center",
                  "opacity": 1,
                  "position": "absolute",
                  "top": 0,
                  "transitionDelay": "500ms",
                  "width": "100%",
                }
              }
            />
            <picture>
              <source
                srcSet="/static/8b9c428d8aa83dac96750101d9fd513a/5d6f9/facebook.png 1x,
/static/8b9c428d8aa83dac96750101d9fd513a/bbdf9/facebook.png 1.5x,
/static/8b9c428d8aa83dac96750101d9fd513a/43244/facebook.png 2x"
              />
              <img
                alt="Michele Da Rin Fioretto Facebook link"
                loading="lazy"
                onLoad={[Function]}
                src="/static/8b9c428d8aa83dac96750101d9fd513a/5d6f9/facebook.png"
                srcSet="/static/8b9c428d8aa83dac96750101d9fd513a/5d6f9/facebook.png 1x,
/static/8b9c428d8aa83dac96750101d9fd513a/bbdf9/facebook.png 1.5x,
/static/8b9c428d8aa83dac96750101d9fd513a/43244/facebook.png 2x"
                style={
                  Object {
                    "height": "100%",
                    "left": 0,
                    "objectFit": "cover",
                    "objectPosition": "center",
                    "opacity": 0,
                    "position": "absolute",
                    "top": 0,
                    "transition": "opacity 500ms",
                    "width": "100%",
                  }
                }
              />
            </picture>
            <noscript
              dangerouslySetInnerHTML={
                Object {
                  "__html": "<picture><source srcset=\\"/static/8b9c428d8aa83dac96750101d9fd513a/5d6f9/facebook.png 1x,
/static/8b9c428d8aa83dac96750101d9fd513a/bbdf9/facebook.png 1.5x,
/static/8b9c428d8aa83dac96750101d9fd513a/43244/facebook.png 2x\\" /><img loading=\\"lazy\\" srcset=\\"/static/8b9c428d8aa83dac96750101d9fd513a/5d6f9/facebook.png 1x,
/static/8b9c428d8aa83dac96750101d9fd513a/bbdf9/facebook.png 1.5x,
/static/8b9c428d8aa83dac96750101d9fd513a/43244/facebook.png 2x\\" src=\\"/static/8b9c428d8aa83dac96750101d9fd513a/5d6f9/facebook.png\\" alt=\\"Michele Da Rin Fioretto Facebook link\\" style=\\"position:absolute;top:0;left:0;opacity:1;width:100%;height:100%;object-fit:cover;object-position:center\\"/></picture>",
                }
              }
            />
          </div>
        </a>
        <a
          href="https://www.linkedin.com/in/micheleedarin"
          rel="noopener noreferrer"
          style={
            Object {
              "boxShadow": "none",
              "color": "currentColor",
            }
          }
          target="_blank"
        >
          <div
            className=" gatsby-image-wrapper"
            style={
              Object {
                "display": "inline-block",
                "height": undefined,
                "marginBottom": 0,
                "marginRight": "0.875rem",
                "maxHeigth": "50px",
                "maxWidth": "50px",
                "minWidth": 30,
                "overflow": "hidden",
                "position": "relative",
                "width": undefined,
              }
            }
          >
            <img
              alt=""
              src="data:image/png;base64,iVBORw0KGgoAAAANSUhEUgAAABQAAAAUCAYAAACNiR0NAAAACXBIWXMAAAflAAAH5QFPDbM3AAADnElEQVQ4y11US29TVxCe69BW6QoqURALRBeABF12A6hITX8AvwCJTVWxaNUKYpLrPBQnCIFIqbogkEpU3VTdoC5K8L3OwySGxEBBKq8IkCASIjQPiB/BsR37TOebc31t5UpH99y553zzzcw3Q3QqQdTlkz6dXgvVn05/F7n+cbFdl/VavnPyviO2s7IONJ1rEXv9PjXAXL8lMG6VQ8PkemXqu8nUO8kUG2Vyk0zdE6y2nhTLmYysNr3TNYZ7TuikAeYflB9LkYEZ3tSVZMf11+W7Kv+N/JPl1Qg2V2xwhOX6fXo35uF+U5gAc33xLixOXi/TD9eMpIMtmBcs2bteHVyc+VUauC1svUFLzItQGKbrLzkIJZqoHLg4zbHEE7PjTEpBHThqLAtq9zUFjt+SvXeMmhI7TP3T8FT+sDvJL/57a5iN+e32C6YfR/gDG74C4h2J6bsOWqWuceR0UdZmW00BCr13eKYvOWsevFrkI7/fRfisoUcTliH2J8TW4QEY4cNeoTgI+e2k0kDlOpFsHwfNlvg47z4/yWDbImx2nr3Bu87dUJBtpyf44NA0b46PqTPH5rgaFChNqjP7UQ0Y8tjsa+ZKkduvPeJPByZ4eSXL88sr/Ev6Ob/L5ri6tsovF97yV8MZgBphWhPpIGWLpKJVnWlOFDD9/A0zl7lj5LEyWi3kubha4JVcjv/4Z46fzS8zrxf53tyC5lMVEEviXSTtAIi2CXDy2bwAljg68kgBAWRK7/nbq/8yffMXH/3zPtfke/Fdlj9DKqIJ4yig5FLbCR0ACWwAPBUwzOXzXC4W+MtLM0zf/82HJIdgnBf75z+nDbVL2DbkFdLeRFG0A2yVNzLM5vJcel/gr3/NKODhyzMh4P4LCliL9KaAMUva6D2p5qKYqQ0McbFSXOU2AH4ngMJ0TRwUCnkjDFkAKxHo2PWH6sLOBJVeR8ipp/OGzZqtsgCisgDQqgpDhC6FMtlczoQMNWT/izpgWygdGQDQ3b6f0uaT/nHVITS5d3CKP+4dVS229oyaPYNTZrfYPupOlig+g7tXGvPMTpw+bXSwjCaq4hVdYYcC9u3aHaESUAhZpSD/D+Vca2MoYp7Z/SAa3ekeh74qQV5r6AZtMzccYRWI2RnIWLAOb3tALpw2js4zO4KOaaOjN5EG5Mbq1A5aSAzTBftOCdMNmNVnamN8+415hqmBRkdvop3QARAtdAZpoJphAZqYuT79D38EUVstmSPmAAAAAElFTkSuQmCC"
              style={
                Object {
                  "height": "100%",
                  "left": 0,
                  "objectFit": "cover",
                  "objectPosition": "center",
                  "opacity": 1,
                  "position": "absolute",
                  "top": 0,
                  "transitionDelay": "500ms",
                  "width": "100%",
                }
              }
            />
            <picture>
              <source
                srcSet="/static/780a3517324e1ee68a127b26ff78eadf/5d6f9/linkedin.png 1x,
/static/780a3517324e1ee68a127b26ff78eadf/bbdf9/linkedin.png 1.5x,
/static/780a3517324e1ee68a127b26ff78eadf/43244/linkedin.png 2x"
              />
              <img
                alt="Michele Da Rin Fioretto LinkedIn link"
                loading="lazy"
                onLoad={[Function]}
                src="/static/780a3517324e1ee68a127b26ff78eadf/5d6f9/linkedin.png"
                srcSet="/static/780a3517324e1ee68a127b26ff78eadf/5d6f9/linkedin.png 1x,
/static/780a3517324e1ee68a127b26ff78eadf/bbdf9/linkedin.png 1.5x,
/static/780a3517324e1ee68a127b26ff78eadf/43244/linkedin.png 2x"
                style={
                  Object {
                    "height": "100%",
                    "left": 0,
                    "objectFit": "cover",
                    "objectPosition": "center",
                    "opacity": 0,
                    "position": "absolute",
                    "top": 0,
                    "transition": "opacity 500ms",
                    "width": "100%",
                  }
                }
              />
            </picture>
            <noscript
              dangerouslySetInnerHTML={
                Object {
                  "__html": "<picture><source srcset=\\"/static/780a3517324e1ee68a127b26ff78eadf/5d6f9/linkedin.png 1x,
/static/780a3517324e1ee68a127b26ff78eadf/bbdf9/linkedin.png 1.5x,
/static/780a3517324e1ee68a127b26ff78eadf/43244/linkedin.png 2x\\" /><img loading=\\"lazy\\" srcset=\\"/static/780a3517324e1ee68a127b26ff78eadf/5d6f9/linkedin.png 1x,
/static/780a3517324e1ee68a127b26ff78eadf/bbdf9/linkedin.png 1.5x,
/static/780a3517324e1ee68a127b26ff78eadf/43244/linkedin.png 2x\\" src=\\"/static/780a3517324e1ee68a127b26ff78eadf/5d6f9/linkedin.png\\" alt=\\"Michele Da Rin Fioretto LinkedIn link\\" style=\\"position:absolute;top:0;left:0;opacity:1;width:100%;height:100%;object-fit:cover;object-position:center\\"/></picture>",
                }
              }
            />
          </div>
        </a>
        <a
          href="https://www.github.com/Daudr"
          rel="noopener noreferrer"
          style={
            Object {
              "boxShadow": "none",
              "color": "currentColor",
            }
          }
          target="_blank"
        >
          <div
            className=" gatsby-image-wrapper"
            style={
              Object {
                "display": "inline-block",
                "height": undefined,
                "marginBottom": 0,
                "marginRight": "0.875rem",
                "maxHeigth": "50px",
                "maxWidth": "50px",
                "minWidth": 30,
                "overflow": "hidden",
                "position": "relative",
                "width": undefined,
              }
            }
          >
            <img
              alt=""
              src="data:image/png;base64,iVBORw0KGgoAAAANSUhEUgAAABQAAAAUCAYAAACNiR0NAAAACXBIWXMAAA7EAAAOxAGVKw4bAAABvElEQVQ4y52UOyyEQRDHP5y7oLhCQYIenUZoiJAgoTmPK706VMSr0ilEh8SjkkhO5RpRKYhIFGgUGiIihAiKSw7f3eE/l/8mY+Pj2OSX3Z2Zncxjdx3n68i29tVgCMyBeTAF2kGhsslxPIZWDIBT8OHBI1gExV5OjaAI7KqDKZAArpqTSv8MQrZTk2YJuLIiMY6SxDh9t+z6v3N6TOUNWALXP6QsztfBnpLV6ZSnlSJCWRCMgjHQBlpBL5gBVbRpUefOTITSsSel2HQyH50888K5T4Q9lnBZ1UPwqbXZ+2jTwDMJzjsijHIjhY6DUhpn/RKdaWZUZXcngnslOPlDuibKcdUoyTIdbuofDs0VmVBpi590mCbCB3Y3k5RzOa/aEW5Q8Ma5i4YBj3cqtfNznQduVUByh50wN6/qOZVnmHbEOrslwgI2Rjo8CC6pnOWFDlpOasEIL7J+7zo7Z5iCNVAGYtzHlEPT1RXrCbpcH9rhb1MRZo3kwVeoBpl6hlTNXfWJVDpWN/PBEQ0mQRM/WPuadNAmriJt9vrC/KrrwoH1DGV0K/05qPH6ZPX3Xw/2wYLSGX0juGBjArazT2rPqjBaPS5EAAAAAElFTkSuQmCC"
              style={
                Object {
                  "height": "100%",
                  "left": 0,
                  "objectFit": "cover",
                  "objectPosition": "center",
                  "opacity": 1,
                  "position": "absolute",
                  "top": 0,
                  "transitionDelay": "500ms",
                  "width": "100%",
                }
              }
            />
            <picture>
              <source
                srcSet="/static/895bbb71ad13af873b1bd98460124152/5d6f9/github-logo.png 1x,
/static/895bbb71ad13af873b1bd98460124152/bbdf9/github-logo.png 1.5x,
/static/895bbb71ad13af873b1bd98460124152/43244/github-logo.png 2x"
              />
              <img
                alt="Michele Da Rin Fioretto Github link"
                loading="lazy"
                onLoad={[Function]}
                src="/static/895bbb71ad13af873b1bd98460124152/5d6f9/github-logo.png"
                srcSet="/static/895bbb71ad13af873b1bd98460124152/5d6f9/github-logo.png 1x,
/static/895bbb71ad13af873b1bd98460124152/bbdf9/github-logo.png 1.5x,
/static/895bbb71ad13af873b1bd98460124152/43244/github-logo.png 2x"
                style={
                  Object {
                    "height": "100%",
                    "left": 0,
                    "objectFit": "cover",
                    "objectPosition": "center",
                    "opacity": 0,
                    "position": "absolute",
                    "top": 0,
                    "transition": "opacity 500ms",
                    "width": "100%",
                  }
                }
              />
            </picture>
            <noscript
              dangerouslySetInnerHTML={
                Object {
                  "__html": "<picture><source srcset=\\"/static/895bbb71ad13af873b1bd98460124152/5d6f9/github-logo.png 1x,
/static/895bbb71ad13af873b1bd98460124152/bbdf9/github-logo.png 1.5x,
/static/895bbb71ad13af873b1bd98460124152/43244/github-logo.png 2x\\" /><img loading=\\"lazy\\" srcset=\\"/static/895bbb71ad13af873b1bd98460124152/5d6f9/github-logo.png 1x,
/static/895bbb71ad13af873b1bd98460124152/bbdf9/github-logo.png 1.5x,
/static/895bbb71ad13af873b1bd98460124152/43244/github-logo.png 2x\\" src=\\"/static/895bbb71ad13af873b1bd98460124152/5d6f9/github-logo.png\\" alt=\\"Michele Da Rin Fioretto Github link\\" style=\\"position:absolute;top:0;left:0;opacity:1;width:100%;height:100%;object-fit:cover;object-position:center\\"/></picture>",
                }
              }
            />
          </div>
        </a>
        <a
          href="https://www.instagram.com/micheleedarin"
          rel="noopener noreferrer"
          style={
            Object {
              "boxShadow": "none",
              "color": "currentColor",
            }
          }
          target="_blank"
        >
          <div
            className=" gatsby-image-wrapper"
            style={
              Object {
                "display": "inline-block",
                "height": undefined,
                "marginBottom": 0,
                "marginRight": "0.875rem",
                "maxHeigth": "50px",
                "maxWidth": "50px",
                "minWidth": 30,
                "overflow": "hidden",
                "position": "relative",
                "width": undefined,
              }
            }
          >
            <img
              alt=""
              src="data:image/png;base64,iVBORw0KGgoAAAANSUhEUgAAABQAAAAUCAYAAACNiR0NAAAACXBIWXMAAAGcAAABnAH6gGQJAAAEaklEQVQ4y5VSa0ybZRR+KSwm/Nk0+qP9PkpLQRfHcMRNIIZLoXTICozb6EBwQwUyCAbLxpTbto4iYLhfNtBEHJc5VwYYbmMotPRCC4MhKIzbdAsJiTGLOt2vHs/7QZHtB4lv8uS85znPed5z+pUUi/vIlCCX0KNyH/X6WDLWlCPRrSNsuwAQTxDDKsloPNk6l8S9PNLqVsklhW796iLJHSh/9S6o3cegyO32rrggGUHtJGg8JqDAbUBf4NbPtxuTUrFWXes+CmXibigRdTWqxd0hl0Xdvjvgt4VncrW4J1Uj0j6qxwE04q65cpHWmdS4tnnVia5DnagTqlzbE8j/OK3CppfLxDdfrHZtm22VDALGUtIsbG7Sim8CxkYqqnDtdMIJHb9wubrH3ljp2uFcL/xq306zFper17/Fvi9dmk60CJvfaHO9Rj0ekHa2er1LeAXa2aoQKvzapd5xQFDIo/dOttKng626gZo1qkMYkMugtTa2pud7UTtcc6nNoznWVjpcaoDcYjS2XuYzuMWU+tLCdwI1N1kPU/JBH1sB48JG6GPLgepGhXWgEzZAN6PRdrOal7Rsmf8qm+JA9Vi3DLCfA7nNL7CNCIoAo699nTv8fJ9RwQUYQwwJCmsGBcX7h/iF7KCgKBl16/fwoWF+fgXVDjEF3DbIW3SCi0B0jMpmYM4Cxm3DMUZ1Y1F4EXQCVc3zH0IvUPmPM7mAmn9+YM4KKQdAqI/Fwp5HQ0mWzeCeDXpJlh/XIMlyRqyZ3T8CnUfmfm5iYd6efrbYYYjJd6I59ozMv3aO9ihobvXIdsC7xeqRA0TvmWYzHkwHveeHm4aeafsQ65TXH8hgKTd+KJX7ncYPpzhtaboWvXOwJy2O5oaDpxyw3zLpdQZQ9J7NdOQUGA6nbK88fiTF8LNfBqBBMs2NAUonY0jcptmh03uR37C+lQqo86bcrJ+SPmaZ8nkfiMFfaTMHnASM24Z4T78vO025dUNggv82H5SwFzntEldL0HEPBMbYe6xTQUlAjKHRMCGPAaM8mjPEnLcZY3pWI5PATGuh0SNG+fEujBtLEYlU+5dRFuPJ6YJjt/TRlrth8UDMxxVPpmIiwRSleJsWTIoIbjWT0o9nilRUYf3vpYRYWFXGwXQsp9OZIhScmUEe7Ui/MD3mKMU09SGTye8M/5IeDRgzaeFetvwFywkFz76m9d1wxpoYrrAmhcdZEsO97bw5MsrxR5XMkdMkhfGx/yniMZnJlMf/mhsBM2fkj2bSw16hgt/hdTKbHUYmYhWOz/8PLVFRxHryGM8+GT3Y27KRFwXo1csR8+dl+t9KjsFcnmx2Pj/Y33w0gvefHMg3JNFBS5QOGpL5jDlq+fOfhLSsFR6FhU9DYe6c7E2usHBZyl8skc792RAGDytkgPf7ixqpBWHdijuxyZVIpxFP/8Ce5dJgWFBLEzfNLkm5adYaApyXqwNLV2oDHqzWBcL6FemueNgYBKh9vFIT2LtcFchN9lNRMO9f0PJq84ZeResAAAAASUVORK5CYII="
              style={
                Object {
                  "height": "100%",
                  "left": 0,
                  "objectFit": "cover",
                  "objectPosition": "center",
                  "opacity": 1,
                  "position": "absolute",
                  "top": 0,
                  "transitionDelay": "500ms",
                  "width": "100%",
                }
              }
            />
            <picture>
              <source
                srcSet="/static/7b271287b1805255556aa2661ccf73f0/5d6f9/instagram.png 1x,
/static/7b271287b1805255556aa2661ccf73f0/bbdf9/instagram.png 1.5x,
/static/7b271287b1805255556aa2661ccf73f0/43244/instagram.png 2x"
              />
              <img
                alt="Michele Da Rin Fioretto Instagram link"
                loading="lazy"
                onLoad={[Function]}
                src="/static/7b271287b1805255556aa2661ccf73f0/5d6f9/instagram.png"
                srcSet="/static/7b271287b1805255556aa2661ccf73f0/5d6f9/instagram.png 1x,
/static/7b271287b1805255556aa2661ccf73f0/bbdf9/instagram.png 1.5x,
/static/7b271287b1805255556aa2661ccf73f0/43244/instagram.png 2x"
                style={
                  Object {
                    "height": "100%",
                    "left": 0,
                    "objectFit": "cover",
                    "objectPosition": "center",
                    "opacity": 0,
                    "position": "absolute",
                    "top": 0,
                    "transition": "opacity 500ms",
                    "width": "100%",
                  }
                }
              />
            </picture>
            <noscript
              dangerouslySetInnerHTML={
                Object {
                  "__html": "<picture><source srcset=\\"/static/7b271287b1805255556aa2661ccf73f0/5d6f9/instagram.png 1x,
/static/7b271287b1805255556aa2661ccf73f0/bbdf9/instagram.png 1.5x,
/static/7b271287b1805255556aa2661ccf73f0/43244/instagram.png 2x\\" /><img loading=\\"lazy\\" srcset=\\"/static/7b271287b1805255556aa2661ccf73f0/5d6f9/instagram.png 1x,
/static/7b271287b1805255556aa2661ccf73f0/bbdf9/instagram.png 1.5x,
/static/7b271287b1805255556aa2661ccf73f0/43244/instagram.png 2x\\" src=\\"/static/7b271287b1805255556aa2661ccf73f0/5d6f9/instagram.png\\" alt=\\"Michele Da Rin Fioretto Instagram link\\" style=\\"position:absolute;top:0;left:0;opacity:1;width:100%;height:100%;object-fit:cover;object-position:center\\"/></picture>",
                }
              }
            />
          </div>
        </a>
        <a
          href="https://www.twitter.com/MicheleDaRin"
          rel="noopener noreferrer"
          style={
            Object {
              "boxShadow": "none",
              "color": "currentColor",
            }
          }
          target="_blank"
        >
          <div
            className=" gatsby-image-wrapper"
            style={
              Object {
                "display": "inline-block",
                "height": undefined,
                "marginBottom": 0,
                "marginRight": "0.875rem",
                "maxHeigth": "50px",
                "maxWidth": "50px",
                "minWidth": 30,
                "overflow": "hidden",
                "position": "relative",
                "width": undefined,
              }
            }
          >
            <img
              alt=""
              src="data:image/png;base64,iVBORw0KGgoAAAANSUhEUgAAABQAAAAUCAYAAACNiR0NAAAACXBIWXMAAAflAAAH5QFPDbM3AAADX0lEQVQ4y11UO09UQRS+QGVnY2Lpj7DBkkYjiqi7e2GxINGGxsTCwliRaAEGGwsTTexQZJenBFAxaMCEqIWBGF+EaCIFj7mvlXWf9/h9M3MXwk0mdx5nvvOd75wzTirnO+n8rsMvlfdaHPulc+oERh/2ZtN5tYl5mM57H7AewLy1YZdXLdgz93Oe0wDjgQU9lsqpR7hUzs7WpOtFSTLjoaTHfHGn9oR77lRRYLMC2zbe6cptEazJOejFejiVyqudnnkRsOGlKi7VcB7DQYy9Os71Hh11z5Rh4/XzbmZixzBMwiQYQcgC87IF4Jz/2Pz1nv7TGWxqV14LbYZsdM1OI0wws2AVAhmQBFRpxhkzYhfDzusEzs7FAozeRsjUjGFqZjC8NKp4oQGWAJ4bUXIeo/2Zko7nKsbgfi0zUaDNdmpUHU2yWTaslA6td9KLL8A4s89KuB5c9mV5I5DcaiA35j25/cbXTAFW0brn1E0C9jFzAKwS9CLYffodyoMVX848VRqIjO6+86X2L5JyEWMvkr1CJG/XA3GNNLXumRIJLVG/WWZMU8chw1r8GYiUIpn/FsitBe1EZjGvAmzHD8ULQg04uOTr0KllZiKijtssmU1dZ0bouBOMHn/0xQ8jqRQNk42tUDZ3Q4miSILQ/LcBfG3ak04jTcw6BVbR0R2gFwaQoi/8CHR4CkwIQNBCwYAl63U46R735LJJmE4gsCoO20mXC2njgOFdhefVP6GElpFvgbimkxqYT34J5Cy0dQ1YbKP0qeGASYqqJiyZCOpHHQ+CUTsyJWjfzH64qIy6JfWVIbea3rQtBgNmlUzH1gINSCCdiL+RlJDheyifdssuZZqgkp2PGfLDpLBXupFpVj3rCiUSTyEkJoOJScav7VDuoHxYCZn9TtI9zpCxPpm0XhsbnaUDkevX5zwZ/hzEr74Hsohamwb4/fe+9Ix7h8HIqtTzUhjuk8MvTT8bnQUODWunhxVFjztGlJaAA87iJEwDqErZuTrlWsP6SMJOv2cWdIiN7k4WxB3zKq4p9rprHwT7YNSpGcPUzAiW947b+80JUBPfM+ugl43O3tSPKzrA1ql+aPUjiwRozRBmwgwYLfvPtv0n7xlfDTY6e5PtxA5g0bLOWBrMZiMBB5jBzvkP2HA3BD0J76YAAAAASUVORK5CYII="
              style={
                Object {
                  "height": "100%",
                  "left": 0,
                  "objectFit": "cover",
                  "objectPosition": "center",
                  "opacity": 1,
                  "position": "absolute",
                  "top": 0,
                  "transitionDelay": "500ms",
                  "width": "100%",
                }
              }
            />
            <picture>
              <source
                srcSet="/static/08ed456da7c064a42ed528098c78dfc0/5d6f9/twitter.png 1x,
/static/08ed456da7c064a42ed528098c78dfc0/bbdf9/twitter.png 1.5x,
/static/08ed456da7c064a42ed528098c78dfc0/43244/twitter.png 2x"
              />
              <img
                alt="Michele Da Rin Fioretto Twitter link"
                loading="lazy"
                onLoad={[Function]}
                src="/static/08ed456da7c064a42ed528098c78dfc0/5d6f9/twitter.png"
                srcSet="/static/08ed456da7c064a42ed528098c78dfc0/5d6f9/twitter.png 1x,
/static/08ed456da7c064a42ed528098c78dfc0/bbdf9/twitter.png 1.5x,
/static/08ed456da7c064a42ed528098c78dfc0/43244/twitter.png 2x"
                style={
                  Object {
                    "height": "100%",
                    "left": 0,
                    "objectFit": "cover",
                    "objectPosition": "center",
                    "opacity": 0,
                    "position": "absolute",
                    "top": 0,
                    "transition": "opacity 500ms",
                    "width": "100%",
                  }
                }
              />
            </picture>
            <noscript
              dangerouslySetInnerHTML={
                Object {
                  "__html": "<picture><source srcset=\\"/static/08ed456da7c064a42ed528098c78dfc0/5d6f9/twitter.png 1x,
/static/08ed456da7c064a42ed528098c78dfc0/bbdf9/twitter.png 1.5x,
/static/08ed456da7c064a42ed528098c78dfc0/43244/twitter.png 2x\\" /><img loading=\\"lazy\\" srcset=\\"/static/08ed456da7c064a42ed528098c78dfc0/5d6f9/twitter.png 1x,
/static/08ed456da7c064a42ed528098c78dfc0/bbdf9/twitter.png 1.5x,
/static/08ed456da7c064a42ed528098c78dfc0/43244/twitter.png 2x\\" src=\\"/static/08ed456da7c064a42ed528098c78dfc0/5d6f9/twitter.png\\" alt=\\"Michele Da Rin Fioretto Twitter link\\" style=\\"position:absolute;top:0;left:0;opacity:1;width:100%;height:100%;object-fit:cover;object-position:center\\"/></picture>",
                }
              }
            />
          </div>
        </a>
      </div>
    </div>
  </main>
  <footer>
    <a
      href="https://www.iubenda.com/privacy-policy/49067529"
      rel="noopener noreferrer"
      style={
        Object {
          "boxShadow": "none",
          "color": "currentColor",
        }
      }
      target="_blank"
      title="Privacy Policy"
    >
      Privacy Policy
    </a>
    <br />
    © 
    2019
    , Michele Da Rin Fioretto - Dauðr
  </footer>
  <div
    className="cookieConsent "
    style={
      Object {
        "alignItems": "baseline",
        "background": "#353535",
        "bottom": "0",
        "color": "white",
        "display": "flex",
        "flexWrap": "wrap",
        "justifyContent": "space-between",
        "left": "0",
        "position": "fixed",
        "width": "100%",
        "zIndex": "999",
      }
    }
  >
    <div
      className=""
      style={
        Object {
          "flex": "1 0 300px",
          "margin": "15px",
        }
      }
    >
      This website uses cookies to enhance the user experience.
    </div>
    <button
      className=""
      id=""
      onClick={[Function]}
      style={
        Object {
          "background": "#ffd42d",
          "border": "0",
          "borderRadius": "0px",
          "boxShadow": "none",
          "color": "black",
          "cursor": "pointer",
          "flex": "0 0 auto",
          "margin": "15px",
          "padding": "5px 10px",
        }
      }
    >
      I understand
    </button>
  </div>
</div>
`;
