// Jest Snapshot v1, https://goo.gl/fbAQLP

exports[`Header renders correctly 1`] = `
<header
  style={
    Object {
      "color": "white",
    }
  }
>
  <div
    className="background-sky hero"
  />
  <div
    className="flag-select"
    style={
      Object {
        "position": "fixed",
        "right": "10px",
      }
    }
  >
    <div
      className="flag-select "
    >
      <button
        aria-expanded={false}
        aria-haspopup="listbox"
        aria-labelledby="select_flag_button"
        className="flag-select__btn"
        disabled={false}
        id="select_flag_button"
        onClick={[Function]}
        onKeyUp={[Function]}
        style={
          Object {
            "fontSize": "16px",
          }
        }
        type="button"
      >
        <span
          className="flag-select__option flag-select__option--placeholder"
        >
          
        </span>
      </button>
    </div>
  </div>
  <h1
    className="header-title"
    style={
      Object {
        "fontSize": "3.95285rem",
        "lineHeight": "4.375rem",
        "marginBottom": "2.625rem",
        "marginTop": 0,
      }
    }
  >
    <a
      href="/it"
      style={
        Object {
          "boxShadow": "none",
          "color": "inherit",
          "textDecoration": "none",
        }
      }
    >
      Header Test
    </a>
  </h1>
</header>
`;
